MO SEG7_LUT NULL C:/Users/Kevin/Documents/ise_project/washmachine/SEG7_LUT.v vlg4A/_s_e_g7___l_u_t.bin 1520529362
MO top_washmachine NULL C:/Users/Kevin/Documents/ise_project/washmachine/top_washmachine.v vlg32/top__washmachine.bin 1520529362
MO Divider50MHz NULL C:/Users/Kevin/Documents/ise_project/washmachine/Divider50MHz.v vlg23/_divider50_m_hz.bin 1520529362
MO counter6 NULL C:/Users/Kevin/Documents/ise_project/washmachine/counter6.v vlg06/counter6.bin 1520529362
MO counter10 NULL C:/Users/Kevin/Documents/ise_project/washmachine/counter10.v vlg35/counter10.bin 1520529362
