MO Divider50MHz NULL Divider50MHz.v vlg23/_divider50_m_hz.bin 1521639248
MO smg_ip_model NULL SegmentDisp.v vlg77/smg__ip__model.bin 1520569727
MO SEG7_LUT NULL SEG7_LUT.v vlg4A/_s_e_g7___l_u_t.bin 1521639248
MO top_washmachine NULL top_washmachine.v vlg32/top__washmachine.bin 1521639248
MO counter5 NULL counter5.v vlg05/counter5.bin 1520420522
MO counter6 NULL counter6.v vlg06/counter6.bin 1521639248
MO counter10 NULL counter10.v vlg35/counter10.bin 1521639248
